// Jest Snapshot v1, https://goo.gl/fbAQLP

exports[`RdsDatabaseRunningScheduler Specific Testing specify schedule Should match snapshot: specify 1`] = `
{
  "Parameters": {
    "BootstrapVersion": {
      "Default": "/cdk-bootstrap/hnb659fds/version",
      "Description": "Version of the CDK Bootstrap resources in this environment, automatically retrieved from SSM Parameter Store. [cdk:skip]",
      "Type": "AWS::SSM::Parameter::Value<String>",
    },
  },
  "Resources": {
    "SchedulerExecutionRole0AF092B7": {
      "Properties": {
        "AssumeRolePolicyDocument": {
          "Statement": [
            {
              "Action": "sts:AssumeRole",
              "Effect": "Allow",
              "Principal": {
                "Service": "scheduler.amazonaws.com",
              },
            },
          ],
          "Version": "2012-10-17",
        },
        "Policies": [
          {
            "PolicyDocument": {
              "Statement": [
                {
                  "Action": [
                    "rds:StopDBInstance",
                    "rds:StartDBInstance",
                  ],
                  "Effect": "Allow",
                  "Resource": {
                    "Fn::Join": [
                      "",
                      [
                        "arn:aws:rds:*:",
                        {
                          "Ref": "AWS::AccountId",
                        },
                        ":db:*",
                      ],
                    ],
                  },
                },
              ],
              "Version": "2012-10-17",
            },
            "PolicyName": "rds-instance-stop-policy",
          },
          {
            "PolicyDocument": {
              "Statement": [
                {
                  "Action": [
                    "rds:StopDBCluster",
                    "rds:StartDBCluster",
                  ],
                  "Effect": "Allow",
                  "Resource": {
                    "Fn::Join": [
                      "",
                      [
                        "arn:aws:rds:*:",
                        {
                          "Ref": "AWS::AccountId",
                        },
                        ":cluster:*",
                      ],
                    ],
                  },
                },
              ],
              "Version": "2012-10-17",
            },
            "PolicyName": "rds-cluster-stop-policy",
          },
        ],
        "RoleName": "stop-db-schedule-f5b3cbde-exec-role",
      },
      "Type": "AWS::IAM::Role",
    },
    "StartSchedule675DAB97": {
      "Properties": {
        "Description": "auto start db instance(db-instance-1a) schedule.",
        "FlexibleTimeWindow": {
          "Mode": "OFF",
        },
        "Name": "auto-start-db-instance-675dab97-schedule",
        "ScheduleExpression": "cron(55 8 ? * MON-FRI *)",
        "ScheduleExpressionTimezone": "Asia/Tokyo",
        "State": "ENABLED",
        "Target": {
          "Arn": "arn:aws:scheduler:::aws-sdk:rds:startDBInstance",
          "Input": "{"DbInstanceIdentifier":"db-instance-1a"}",
          "RetryPolicy": {
            "MaximumEventAgeInSeconds": 60,
            "MaximumRetryAttempts": 0,
          },
          "RoleArn": {
            "Fn::GetAtt": [
              "SchedulerExecutionRole0AF092B7",
              "Arn",
            ],
          },
        },
      },
      "Type": "AWS::Scheduler::Schedule",
    },
    "StartSchedule940DBDA1": {
      "Properties": {
        "Description": "auto start db cluster(db-cluster-1a) schedule.",
        "FlexibleTimeWindow": {
          "Mode": "OFF",
        },
        "Name": "auto-start-db-cluster-940dbda1-schedule",
        "ScheduleExpression": "cron(55 8 ? * MON-FRI *)",
        "ScheduleExpressionTimezone": "Asia/Tokyo",
        "State": "ENABLED",
        "Target": {
          "Arn": "arn:aws:scheduler:::aws-sdk:rds:startDBCluster",
          "Input": "{"DbClusterIdentifier":"db-cluster-1a"}",
          "RetryPolicy": {
            "MaximumEventAgeInSeconds": 60,
            "MaximumRetryAttempts": 0,
          },
          "RoleArn": {
            "Fn::GetAtt": [
              "SchedulerExecutionRole0AF092B7",
              "Arn",
            ],
          },
        },
      },
      "Type": "AWS::Scheduler::Schedule",
    },
    "StopSchedule675DAB97": {
      "Properties": {
        "Description": "auto stop db instance(db-instance-1a) schedule.",
        "FlexibleTimeWindow": {
          "Mode": "OFF",
        },
        "Name": "auto-stop-db-instance-675dab97-schedule",
        "ScheduleExpression": "cron(5 19 ? * MON-FRI *)",
        "ScheduleExpressionTimezone": "Asia/Tokyo",
        "State": "ENABLED",
        "Target": {
          "Arn": "arn:aws:scheduler:::aws-sdk:rds:stopDBInstance",
          "Input": "{"DbInstanceIdentifier":"db-instance-1a"}",
          "RetryPolicy": {
            "MaximumEventAgeInSeconds": 60,
            "MaximumRetryAttempts": 0,
          },
          "RoleArn": {
            "Fn::GetAtt": [
              "SchedulerExecutionRole0AF092B7",
              "Arn",
            ],
          },
        },
      },
      "Type": "AWS::Scheduler::Schedule",
    },
    "StopSchedule940DBDA1": {
      "Properties": {
        "Description": "auto stop db cluster(db-cluster-1a) schedule.",
        "FlexibleTimeWindow": {
          "Mode": "OFF",
        },
        "Name": "auto-stop-db-cluster-940dbda1-schedule",
        "ScheduleExpression": "cron(5 19 ? * MON-FRI *)",
        "ScheduleExpressionTimezone": "Asia/Tokyo",
        "State": "ENABLED",
        "Target": {
          "Arn": "arn:aws:scheduler:::aws-sdk:rds:stopDBCluster",
          "Input": "{"DbClusterIdentifier":"db-cluster-1a"}",
          "RetryPolicy": {
            "MaximumEventAgeInSeconds": 60,
            "MaximumRetryAttempts": 0,
          },
          "RoleArn": {
            "Fn::GetAtt": [
              "SchedulerExecutionRole0AF092B7",
              "Arn",
            ],
          },
        },
      },
      "Type": "AWS::Scheduler::Schedule",
    },
  },
  "Rules": {
    "CheckBootstrapVersion": {
      "Assertions": [
        {
          "Assert": {
            "Fn::Not": [
              {
                "Fn::Contains": [
                  [
                    "1",
                    "2",
                    "3",
                    "4",
                    "5",
                  ],
                  {
                    "Ref": "BootstrapVersion",
                  },
                ],
              },
            ],
          },
          "AssertDescription": "CDK bootstrap stack version 6 required. Please run 'cdk bootstrap' with a recent version of the CDK CLI.",
        },
      ],
    },
  },
}
`;
