// Jest Snapshot v1, https://goo.gl/fbAQLP

exports[`RdsDatabaseRunningScheduler Default Testing default schedule Should match snapshot: default 1`] = `
{
  "Parameters": {
    "BootstrapVersion": {
      "Default": "/cdk-bootstrap/hnb659fds/version",
      "Description": "Version of the CDK Bootstrap resources in this environment, automatically retrieved from SSM Parameter Store. [cdk:skip]",
      "Type": "AWS::SSM::Parameter::Value<String>",
    },
  },
  "Resources": {
    "RdsDatabaseRunningSchedulerSchedulerExecutionRoleB7C25A74": {
      "Properties": {
        "AssumeRolePolicyDocument": {
          "Statement": [
            {
              "Action": "sts:AssumeRole",
              "Effect": "Allow",
              "Principal": {
                "Service": "scheduler.amazonaws.com",
              },
            },
          ],
          "Version": "2012-10-17",
        },
        "Policies": [
          {
            "PolicyDocument": {
              "Statement": [
                {
                  "Action": [
                    "rds:StopDBInstance",
                    "rds:StartDBInstance",
                  ],
                  "Effect": "Allow",
                  "Resource": "arn:aws:rds:*:123456789012:db:*",
                },
              ],
              "Version": "2012-10-17",
            },
            "PolicyName": "rds-instance-stop-policy",
          },
          {
            "PolicyDocument": {
              "Statement": [
                {
                  "Action": [
                    "rds:StopDBCluster",
                    "rds:StartDBCluster",
                  ],
                  "Effect": "Allow",
                  "Resource": "arn:aws:rds:*:123456789012:cluster:*",
                },
              ],
              "Version": "2012-10-17",
            },
            "PolicyName": "rds-cluster-stop-policy",
          },
        ],
        "RoleName": "stop-db-schedule-5f8018a4-exec-role",
      },
      "Type": "AWS::IAM::Role",
    },
    "RdsDatabaseRunningSchedulerStartSchedule675DAB97311E05E4": {
      "Properties": {
        "Description": "auto start db instance(db-instance-1a) schedule.",
        "FlexibleTimeWindow": {
          "Mode": "OFF",
        },
        "Name": "auto-start-db-instance-675dab97-schedule",
        "ScheduleExpression": "cron(50 7 ? * MON-FRI *)",
        "ScheduleExpressionTimezone": "UTC",
        "State": "ENABLED",
        "Target": {
          "Arn": "arn:aws:scheduler:::aws-sdk:rds:startDBInstance",
          "Input": "{"DbInstanceIdentifier":"db-instance-1a"}",
          "RetryPolicy": {
            "MaximumEventAgeInSeconds": 60,
            "MaximumRetryAttempts": 0,
          },
          "RoleArn": {
            "Fn::GetAtt": [
              "RdsDatabaseRunningSchedulerSchedulerExecutionRoleB7C25A74",
              "Arn",
            ],
          },
        },
      },
      "Type": "AWS::Scheduler::Schedule",
    },
    "RdsDatabaseRunningSchedulerStartSchedule940DBDA110E852E9": {
      "Properties": {
        "Description": "auto start db cluster(db-cluster-1a) schedule.",
        "FlexibleTimeWindow": {
          "Mode": "OFF",
        },
        "Name": "auto-start-db-cluster-940dbda1-schedule",
        "ScheduleExpression": "cron(50 7 ? * MON-FRI *)",
        "ScheduleExpressionTimezone": "UTC",
        "State": "ENABLED",
        "Target": {
          "Arn": "arn:aws:scheduler:::aws-sdk:rds:startDBCluster",
          "Input": "{"DbClusterIdentifier":"db-cluster-1a"}",
          "RetryPolicy": {
            "MaximumEventAgeInSeconds": 60,
            "MaximumRetryAttempts": 0,
          },
          "RoleArn": {
            "Fn::GetAtt": [
              "RdsDatabaseRunningSchedulerSchedulerExecutionRoleB7C25A74",
              "Arn",
            ],
          },
        },
      },
      "Type": "AWS::Scheduler::Schedule",
    },
    "RdsDatabaseRunningSchedulerStopSchedule675DAB978750830A": {
      "Properties": {
        "Description": "auto stop db instance(db-instance-1a) schedule.",
        "FlexibleTimeWindow": {
          "Mode": "OFF",
        },
        "Name": "auto-stop-db-instance-675dab97-schedule",
        "ScheduleExpression": "cron(10 21 ? * MON-FRI *)",
        "ScheduleExpressionTimezone": "UTC",
        "State": "ENABLED",
        "Target": {
          "Arn": "arn:aws:scheduler:::aws-sdk:rds:stopDBInstance",
          "Input": "{"DbInstanceIdentifier":"db-instance-1a"}",
          "RetryPolicy": {
            "MaximumEventAgeInSeconds": 60,
            "MaximumRetryAttempts": 0,
          },
          "RoleArn": {
            "Fn::GetAtt": [
              "RdsDatabaseRunningSchedulerSchedulerExecutionRoleB7C25A74",
              "Arn",
            ],
          },
        },
      },
      "Type": "AWS::Scheduler::Schedule",
    },
    "RdsDatabaseRunningSchedulerStopSchedule940DBDA11177CC61": {
      "Properties": {
        "Description": "auto stop db cluster(db-cluster-1a) schedule.",
        "FlexibleTimeWindow": {
          "Mode": "OFF",
        },
        "Name": "auto-stop-db-cluster-940dbda1-schedule",
        "ScheduleExpression": "cron(10 21 ? * MON-FRI *)",
        "ScheduleExpressionTimezone": "UTC",
        "State": "ENABLED",
        "Target": {
          "Arn": "arn:aws:scheduler:::aws-sdk:rds:stopDBCluster",
          "Input": "{"DbClusterIdentifier":"db-cluster-1a"}",
          "RetryPolicy": {
            "MaximumEventAgeInSeconds": 60,
            "MaximumRetryAttempts": 0,
          },
          "RoleArn": {
            "Fn::GetAtt": [
              "RdsDatabaseRunningSchedulerSchedulerExecutionRoleB7C25A74",
              "Arn",
            ],
          },
        },
      },
      "Type": "AWS::Scheduler::Schedule",
    },
  },
  "Rules": {
    "CheckBootstrapVersion": {
      "Assertions": [
        {
          "Assert": {
            "Fn::Not": [
              {
                "Fn::Contains": [
                  [
                    "1",
                    "2",
                    "3",
                    "4",
                    "5",
                  ],
                  {
                    "Ref": "BootstrapVersion",
                  },
                ],
              },
            ],
          },
          "AssertDescription": "CDK bootstrap stack version 6 required. Please run 'cdk bootstrap' with a recent version of the CDK CLI.",
        },
      ],
    },
  },
}
`;
